
--- ERROR at 1770976587.1405911 ---
DEBUG: Transcription failed for URL: https://www2.cs.uic.edu/~i101/SoundFiles/StarWars3.wav
Error details: [Errno 8] nodename nor servname provided, or not known
Traceback (most recent call last):
  File "/Users/swarupshekhar/AndroidStudioProjects/EngR_app/backend-ai/.venv/lib/python3.13/site-packages/httpx/_transports/default.py", line 101, in map_httpcore_exceptions
    yield
  File "/Users/swarupshekhar/AndroidStudioProjects/EngR_app/backend-ai/.venv/lib/python3.13/site-packages/httpx/_transports/default.py", line 394, in handle_async_request
    resp = await self._pool.handle_async_request(req)
           ^^^^^^^^^^^^^^^^^^^^^^^^^^^^^^^^^^^^^^^^^^
  File "/Users/swarupshekhar/AndroidStudioProjects/EngR_app/backend-ai/.venv/lib/python3.13/site-packages/httpcore/_async/connection_pool.py", line 256, in handle_async_request
    raise exc from None
  File "/Users/swarupshekhar/AndroidStudioProjects/EngR_app/backend-ai/.venv/lib/python3.13/site-packages/httpcore/_async/connection_pool.py", line 236, in handle_async_request
    response = await connection.handle_async_request(
               ^^^^^^^^^^^^^^^^^^^^^^^^^^^^^^^^^^^^^^
        pool_request.request
        ^^^^^^^^^^^^^^^^^^^^
    )
    ^
  File "/Users/swarupshekhar/AndroidStudioProjects/EngR_app/backend-ai/.venv/lib/python3.13/site-packages/httpcore/_async/connection.py", line 101, in handle_async_request
    raise exc
  File "/Users/swarupshekhar/AndroidStudioProjects/EngR_app/backend-ai/.venv/lib/python3.13/site-packages/httpcore/_async/connection.py", line 78, in handle_async_request
    stream = await self._connect(request)
             ^^^^^^^^^^^^^^^^^^^^^^^^^^^^
  File "/Users/swarupshekhar/AndroidStudioProjects/EngR_app/backend-ai/.venv/lib/python3.13/site-packages/httpcore/_async/connection.py", line 124, in _connect
    stream = await self._network_backend.connect_tcp(**kwargs)
             ^^^^^^^^^^^^^^^^^^^^^^^^^^^^^^^^^^^^^^^^^^^^^^^^^
  File "/Users/swarupshekhar/AndroidStudioProjects/EngR_app/backend-ai/.venv/lib/python3.13/site-packages/httpcore/_backends/auto.py", line 31, in connect_tcp
    return await self._backend.connect_tcp(
           ^^^^^^^^^^^^^^^^^^^^^^^^^^^^^^^^
    ...<5 lines>...
    )
    ^
  File "/Users/swarupshekhar/AndroidStudioProjects/EngR_app/backend-ai/.venv/lib/python3.13/site-packages/httpcore/_backends/anyio.py", line 113, in connect_tcp
    with map_exceptions(exc_map):
         ~~~~~~~~~~~~~~^^^^^^^^^
  File "/Library/Frameworks/Python.framework/Versions/3.13/lib/python3.13/contextlib.py", line 162, in __exit__
    self.gen.throw(value)
    ~~~~~~~~~~~~~~^^^^^^^
  File "/Users/swarupshekhar/AndroidStudioProjects/EngR_app/backend-ai/.venv/lib/python3.13/site-packages/httpcore/_exceptions.py", line 14, in map_exceptions
    raise to_exc(exc) from exc
httpcore.ConnectError: [Errno 8] nodename nor servname provided, or not known

The above exception was the direct cause of the following exception:

Traceback (most recent call last):
  File "/Users/swarupshekhar/AndroidStudioProjects/EngR_app/backend-ai/app/services/transcription_service.py", line 72, in transcribe
    response = await client.get(str(request.audio_url))
               ^^^^^^^^^^^^^^^^^^^^^^^^^^^^^^^^^^^^^^^^
  File "/Users/swarupshekhar/AndroidStudioProjects/EngR_app/backend-ai/.venv/lib/python3.13/site-packages/httpx/_client.py", line 1768, in get
    return await self.request(
           ^^^^^^^^^^^^^^^^^^^
    ...<9 lines>...
    )
    ^
  File "/Users/swarupshekhar/AndroidStudioProjects/EngR_app/backend-ai/.venv/lib/python3.13/site-packages/httpx/_client.py", line 1540, in request
    return await self.send(request, auth=auth, follow_redirects=follow_redirects)
           ^^^^^^^^^^^^^^^^^^^^^^^^^^^^^^^^^^^^^^^^^^^^^^^^^^^^^^^^^^^^^^^^^^^^^^
  File "/Users/swarupshekhar/AndroidStudioProjects/EngR_app/backend-ai/.venv/lib/python3.13/site-packages/httpx/_client.py", line 1629, in send
    response = await self._send_handling_auth(
               ^^^^^^^^^^^^^^^^^^^^^^^^^^^^^^^
    ...<4 lines>...
    )
    ^
  File "/Users/swarupshekhar/AndroidStudioProjects/EngR_app/backend-ai/.venv/lib/python3.13/site-packages/httpx/_client.py", line 1657, in _send_handling_auth
    response = await self._send_handling_redirects(
               ^^^^^^^^^^^^^^^^^^^^^^^^^^^^^^^^^^^^
    ...<3 lines>...
    )
    ^
  File "/Users/swarupshekhar/AndroidStudioProjects/EngR_app/backend-ai/.venv/lib/python3.13/site-packages/httpx/_client.py", line 1694, in _send_handling_redirects
    response = await self._send_single_request(request)
               ^^^^^^^^^^^^^^^^^^^^^^^^^^^^^^^^^^^^^^^^
  File "/Users/swarupshekhar/AndroidStudioProjects/EngR_app/backend-ai/.venv/lib/python3.13/site-packages/httpx/_client.py", line 1730, in _send_single_request
    response = await transport.handle_async_request(request)
               ^^^^^^^^^^^^^^^^^^^^^^^^^^^^^^^^^^^^^^^^^^^^^
  File "/Users/swarupshekhar/AndroidStudioProjects/EngR_app/backend-ai/.venv/lib/python3.13/site-packages/httpx/_transports/default.py", line 393, in handle_async_request
    with map_httpcore_exceptions():
         ~~~~~~~~~~~~~~~~~~~~~~~^^
  File "/Library/Frameworks/Python.framework/Versions/3.13/lib/python3.13/contextlib.py", line 162, in __exit__
    self.gen.throw(value)
    ~~~~~~~~~~~~~~^^^^^^^
  File "/Users/swarupshekhar/AndroidStudioProjects/EngR_app/backend-ai/.venv/lib/python3.13/site-packages/httpx/_transports/default.py", line 118, in map_httpcore_exceptions
    raise mapped_exc(message) from exc
httpx.ConnectError: [Errno 8] nodename nor servname provided, or not known

--- ERROR at 1770977221.496511 ---
DEBUG: Transcription failed for URL: https://www2.cs.uic.edu/~i101/SoundFiles/StarWars3.wav
Error details: HTTPSConnectionPool(host='www2.cs.uic.edu', port=443): Max retries exceeded with url: /~i101/SoundFiles/StarWars3.wav (Caused by NameResolutionError("HTTPSConnection(host='www2.cs.uic.edu', port=443): Failed to resolve 'www2.cs.uic.edu' ([Errno 8] nodename nor servname provided, or not known)"))
Traceback (most recent call last):
  File "/Users/swarupshekhar/AndroidStudioProjects/EngR_app/backend-ai/.venv/lib/python3.13/site-packages/urllib3/connection.py", line 204, in _new_conn
    sock = connection.create_connection(
        (self._dns_host, self.port),
    ...<2 lines>...
        socket_options=self.socket_options,
    )
  File "/Users/swarupshekhar/AndroidStudioProjects/EngR_app/backend-ai/.venv/lib/python3.13/site-packages/urllib3/util/connection.py", line 60, in create_connection
    for res in socket.getaddrinfo(host, port, family, socket.SOCK_STREAM):
               ~~~~~~~~~~~~~~~~~~^^^^^^^^^^^^^^^^^^^^^^^^^^^^^^^^^^^^^^^^
  File "/Library/Frameworks/Python.framework/Versions/3.13/lib/python3.13/socket.py", line 977, in getaddrinfo
    for res in _socket.getaddrinfo(host, port, family, type, proto, flags):
               ~~~~~~~~~~~~~~~~~~~^^^^^^^^^^^^^^^^^^^^^^^^^^^^^^^^^^^^^^^^
socket.gaierror: [Errno 8] nodename nor servname provided, or not known

The above exception was the direct cause of the following exception:

Traceback (most recent call last):
  File "/Users/swarupshekhar/AndroidStudioProjects/EngR_app/backend-ai/.venv/lib/python3.13/site-packages/urllib3/connectionpool.py", line 787, in urlopen
    response = self._make_request(
        conn,
    ...<10 lines>...
        **response_kw,
    )
  File "/Users/swarupshekhar/AndroidStudioProjects/EngR_app/backend-ai/.venv/lib/python3.13/site-packages/urllib3/connectionpool.py", line 488, in _make_request
    raise new_e
  File "/Users/swarupshekhar/AndroidStudioProjects/EngR_app/backend-ai/.venv/lib/python3.13/site-packages/urllib3/connectionpool.py", line 464, in _make_request
    self._validate_conn(conn)
    ~~~~~~~~~~~~~~~~~~~^^^^^^
  File "/Users/swarupshekhar/AndroidStudioProjects/EngR_app/backend-ai/.venv/lib/python3.13/site-packages/urllib3/connectionpool.py", line 1093, in _validate_conn
    conn.connect()
    ~~~~~~~~~~~~^^
  File "/Users/swarupshekhar/AndroidStudioProjects/EngR_app/backend-ai/.venv/lib/python3.13/site-packages/urllib3/connection.py", line 759, in connect
    self.sock = sock = self._new_conn()
                       ~~~~~~~~~~~~~~^^
  File "/Users/swarupshekhar/AndroidStudioProjects/EngR_app/backend-ai/.venv/lib/python3.13/site-packages/urllib3/connection.py", line 211, in _new_conn
    raise NameResolutionError(self.host, self, e) from e
urllib3.exceptions.NameResolutionError: HTTPSConnection(host='www2.cs.uic.edu', port=443): Failed to resolve 'www2.cs.uic.edu' ([Errno 8] nodename nor servname provided, or not known)

The above exception was the direct cause of the following exception:

Traceback (most recent call last):
  File "/Users/swarupshekhar/AndroidStudioProjects/EngR_app/backend-ai/.venv/lib/python3.13/site-packages/requests/adapters.py", line 644, in send
    resp = conn.urlopen(
        method=request.method,
    ...<9 lines>...
        chunked=chunked,
    )
  File "/Users/swarupshekhar/AndroidStudioProjects/EngR_app/backend-ai/.venv/lib/python3.13/site-packages/urllib3/connectionpool.py", line 841, in urlopen
    retries = retries.increment(
        method, url, error=new_e, _pool=self, _stacktrace=sys.exc_info()[2]
    )
  File "/Users/swarupshekhar/AndroidStudioProjects/EngR_app/backend-ai/.venv/lib/python3.13/site-packages/urllib3/util/retry.py", line 535, in increment
    raise MaxRetryError(_pool, url, reason) from reason  # type: ignore[arg-type]
    ^^^^^^^^^^^^^^^^^^^^^^^^^^^^^^^^^^^^^^^^^^^^^^^^^^^
urllib3.exceptions.MaxRetryError: HTTPSConnectionPool(host='www2.cs.uic.edu', port=443): Max retries exceeded with url: /~i101/SoundFiles/StarWars3.wav (Caused by NameResolutionError("HTTPSConnection(host='www2.cs.uic.edu', port=443): Failed to resolve 'www2.cs.uic.edu' ([Errno 8] nodename nor servname provided, or not known)"))

During handling of the above exception, another exception occurred:

Traceback (most recent call last):
  File "/Users/swarupshekhar/AndroidStudioProjects/EngR_app/backend-ai/app/services/transcription_service.py", line 79, in transcribe
    response = requests.get(str(request.audio_url))
  File "/Users/swarupshekhar/AndroidStudioProjects/EngR_app/backend-ai/.venv/lib/python3.13/site-packages/requests/api.py", line 73, in get
    return request("get", url, params=params, **kwargs)
  File "/Users/swarupshekhar/AndroidStudioProjects/EngR_app/backend-ai/.venv/lib/python3.13/site-packages/requests/api.py", line 59, in request
    return session.request(method=method, url=url, **kwargs)
           ~~~~~~~~~~~~~~~^^^^^^^^^^^^^^^^^^^^^^^^^^^^^^^^^^
  File "/Users/swarupshekhar/AndroidStudioProjects/EngR_app/backend-ai/.venv/lib/python3.13/site-packages/requests/sessions.py", line 589, in request
    resp = self.send(prep, **send_kwargs)
  File "/Users/swarupshekhar/AndroidStudioProjects/EngR_app/backend-ai/.venv/lib/python3.13/site-packages/requests/sessions.py", line 703, in send
    r = adapter.send(request, **kwargs)
  File "/Users/swarupshekhar/AndroidStudioProjects/EngR_app/backend-ai/.venv/lib/python3.13/site-packages/requests/adapters.py", line 677, in send
    raise ConnectionError(e, request=request)
requests.exceptions.ConnectionError: HTTPSConnectionPool(host='www2.cs.uic.edu', port=443): Max retries exceeded with url: /~i101/SoundFiles/StarWars3.wav (Caused by NameResolutionError("HTTPSConnection(host='www2.cs.uic.edu', port=443): Failed to resolve 'www2.cs.uic.edu' ([Errno 8] nodename nor servname provided, or not known)"))

--- ERROR at 1770977260.529678 ---
DEBUG: Transcription failed for URL: https://raw.githubusercontent.com/rafaelreis-hotmart/Audio-Sample-files/master/sample.wav
Error details: No speech detected in audio
Traceback (most recent call last):
  File "/Users/swarupshekhar/AndroidStudioProjects/EngR_app/backend-ai/app/services/transcription_service.py", line 85, in transcribe
    result = await azure_speech.transcribe_from_bytes(
             ^^^^^^^^^^^^^^^^^^^^^^^^^^^^^^^^^^^^^^^^^
    ...<2 lines>...
    )
    ^
  File "/Users/swarupshekhar/AndroidStudioProjects/EngR_app/backend-ai/.venv/lib/python3.13/site-packages/tenacity/_asyncio.py", line 88, in async_wrapped
    return await fn(*args, **kwargs)
           ^^^^^^^^^^^^^^^^^^^^^^^^^
  File "/Users/swarupshekhar/AndroidStudioProjects/EngR_app/backend-ai/.venv/lib/python3.13/site-packages/tenacity/_asyncio.py", line 47, in __call__
    do = self.iter(retry_state=retry_state)
  File "/Users/swarupshekhar/AndroidStudioProjects/EngR_app/backend-ai/.venv/lib/python3.13/site-packages/tenacity/__init__.py", line 314, in iter
    return fut.result()
           ~~~~~~~~~~^^
  File "/Library/Frameworks/Python.framework/Versions/3.13/lib/python3.13/concurrent/futures/_base.py", line 449, in result
    return self.__get_result()
           ~~~~~~~~~~~~~~~~~^^
  File "/Library/Frameworks/Python.framework/Versions/3.13/lib/python3.13/concurrent/futures/_base.py", line 401, in __get_result
    raise self._exception
  File "/Users/swarupshekhar/AndroidStudioProjects/EngR_app/backend-ai/.venv/lib/python3.13/site-packages/tenacity/_asyncio.py", line 50, in __call__
    result = await fn(*args, **kwargs)
             ^^^^^^^^^^^^^^^^^^^^^^^^^
  File "/Users/swarupshekhar/AndroidStudioProjects/EngR_app/backend-ai/app/utils/async_azure_speech.py", line 70, in transcribe_from_bytes
    result = await loop.run_in_executor(
             ^^^^^^^^^^^^^^^^^^^^^^^^^^^
    ...<4 lines>...
    )
    ^
  File "/Library/Frameworks/Python.framework/Versions/3.13/lib/python3.13/concurrent/futures/thread.py", line 59, in run
    result = self.fn(*self.args, **self.kwargs)
  File "/Users/swarupshekhar/AndroidStudioProjects/EngR_app/backend-ai/app/utils/async_azure_speech.py", line 112, in _transcribe_sync
    raise ValueError("No speech detected in audio")
ValueError: No speech detected in audio

--- ERROR at 1770977367.444795 ---
DEBUG: Transcription failed for URL: https://raw.githubusercontent.com/rafaelreis-hotmart/Audio-Sample-files/master/sample.wav
Error details: No speech detected in audio
Traceback (most recent call last):
  File "/Users/swarupshekhar/AndroidStudioProjects/EngR_app/backend-ai/app/services/transcription_service.py", line 85, in transcribe
    text=w["text"],
     ^^^^^^^^^^^^^^
    ...<2 lines>...
    confidence=w["confidence"]
    
  File "/Users/swarupshekhar/AndroidStudioProjects/EngR_app/backend-ai/.venv/lib/python3.13/site-packages/tenacity/_asyncio.py", line 88, in async_wrapped
    return await fn(*args, **kwargs)
           ^^^^^^^^^^^^^^^^^^^^^^^^^
  File "/Users/swarupshekhar/AndroidStudioProjects/EngR_app/backend-ai/.venv/lib/python3.13/site-packages/tenacity/_asyncio.py", line 47, in __call__
    do = self.iter(retry_state=retry_state)
  File "/Users/swarupshekhar/AndroidStudioProjects/EngR_app/backend-ai/.venv/lib/python3.13/site-packages/tenacity/__init__.py", line 314, in iter
    return fut.result()
           ~~~~~~~~~~^^
  File "/Library/Frameworks/Python.framework/Versions/3.13/lib/python3.13/concurrent/futures/_base.py", line 449, in result
    return self.__get_result()
           ~~~~~~~~~~~~~~~~~^^
  File "/Library/Frameworks/Python.framework/Versions/3.13/lib/python3.13/concurrent/futures/_base.py", line 401, in __get_result
    raise self._exception
  File "/Users/swarupshekhar/AndroidStudioProjects/EngR_app/backend-ai/.venv/lib/python3.13/site-packages/tenacity/_asyncio.py", line 50, in __call__
    result = await fn(*args, **kwargs)
             ^^^^^^^^^^^^^^^^^^^^^^^^^
  File "/Users/swarupshekhar/AndroidStudioProjects/EngR_app/backend-ai/app/utils/async_azure_speech.py", line 70, in transcribe_from_bytes
    result = await loop.run_in_executor(
             ^^^^^^^^^^^^^^^^^^^^^^^^^^^
    ...<4 lines>...
    )
    ^
  File "/Library/Frameworks/Python.framework/Versions/3.13/lib/python3.13/concurrent/futures/thread.py", line 59, in run
    result = self.fn(*self.args, **self.kwargs)
  File "/Users/swarupshekhar/AndroidStudioProjects/EngR_app/backend-ai/app/utils/async_azure_speech.py", line 112, in _transcribe_sync
    raise ValueError("No speech detected in audio")
ValueError: No speech detected in audio
